
R version 3.2.3 (2015-12-10) -- "Wooden Christmas-Tree"
Copyright (C) 2015 The R Foundation for Statistical Computing
Platform: x86_64-pc-linux-gnu (64-bit)

R is free software and comes with ABSOLUTELY NO WARRANTY.
You are welcome to redistribute it under certain conditions.
Type 'license()' or 'licence()' for distribution details.

  Natural language support but running in an English locale

R is a collaborative project with many contributors.
Type 'contributors()' for more information and
'citation()' on how to cite R or R packages in publications.

Type 'demo()' for some demos, 'help()' for on-line help, or
'help.start()' for an HTML browser interface to help.
Type 'q()' to quit R.

> library(sciplot)
> library(ez)
> library(psych)
> library(reshape)
> library(ggplot2)
> 
> #subj,cond,stim,ANN
> df <- read.csv("anns.csv") # open data
> 
> mdf <- melt(df, id=c("subj","cond","stim"))
> stimmeans <- cast(mdf, stim~variable, mean)
> 
> #subj,cond,stim,ann
> # calculate anova
> #ezANOVA(data=df, dv=ann, wid=subj, within=cond, type=3)
> df$subj <- factor(df$subj)
> df$cond <- factor(df$cond)
> df$stim <- factor(df$stim)
> attach(df)
> #summary(aov(ann ~ (cond * stim) + Error(subj/cond), df))
> #summary(aov(nni ~ (cond * stim) + Error(subj/cond), df))
> # if there's no condition, just use simple one-way ANOVA
> summary(aov(ann ~ stim, df))
            Df Sum Sq Mean Sq F value Pr(>F)
stim         1   1.04   1.041   0.385  0.539
Residuals   38 102.79   2.705               
> summary(aov(nni ~ stim, df))
            Df Sum Sq Mean Sq F value Pr(>F)  
stim         1 0.0581 0.05808     6.5 0.0149 *
Residuals   38 0.3395 0.00894                 
---
Signif. codes:  0 ‘***’ 0.001 ‘**’ 0.01 ‘*’ 0.05 ‘.’ 0.1 ‘ ’ 1
> detach(df)
> 
> #pairwise.t.test(df$ann, df$cond, p.adj="bonferroni")
> #describeBy(df$ann, group=df$cond)
> describeBy(df$ann, group=df$stim)

 Descriptive statistics by group 
group: p1
   vars  n  mean   sd median trimmed mad   min   max range  skew kurtosis   se
X1    1 20 -4.91 1.56  -4.69    -4.7 1.6 -8.68 -3.15  5.53 -0.79    -0.23 0.35
------------------------------------------------------------ 
group: p2
   vars  n  mean   sd median trimmed  mad   min   max range skew kurtosis   se
X1    1 20 -5.23 1.73  -5.48   -5.31 1.68 -8.92 -1.68  7.24 0.19    -0.28 0.39
> 
> #pairwise.t.test(df$nni, df$cond, p.adj="bonferroni")
> #describeBy(df$nni, group=df$cond)
> describeBy(df$nni, group=df$stim)

 Descriptive statistics by group 
group: p1
   vars  n mean   sd median trimmed  mad  min  max range skew kurtosis   se
X1    1 20  0.4 0.08    0.4     0.4 0.07 0.26 0.61  0.35  0.4     0.18 0.02
------------------------------------------------------------ 
group: p2
   vars  n mean   sd median trimmed  mad  min  max range skew kurtosis   se
X1    1 20 0.48 0.11   0.47    0.47 0.09 0.29 0.71  0.41 0.57    -0.36 0.02
> 
> plotName = "./nni-stim.pdf"
> pdf(plotName,family="NimbusSan",useDingbats=FALSE)
> bargraph.CI(stim, nni, group = NULL, data = df,
+             split = FALSE,
+             col = c("#f0f0f0","#bdbdbd","#636363"),
+             angle = c(45,45,45),
+             density = c(60,60,60),
+             lc = TRUE,
+             uc = TRUE,
+             legend = FALSE,
+             ncol = 1,
+             leg.lab = NULL,
+             x.leg = 6.2,
+             y.leg = 2.4,
+             cex.leg = 1.2,
+ #           ylim = c(0,1.0),
+             xlab = "Stimulus",
+             ylab = "Mean NNI z-score",
+             cex.lab = 1.3,
+             cex.names = 1.3,
+             main = "NNI z-score vs. Stimulus"
+ )
> dev.off()
null device 
          1 
> embedFonts(plotName, "pdfwrite", outfile = plotName,
+   fontpaths =
+   c("/sw/share/texmf-dist/fonts/type1/urw/helvetic",
+     "/usr/share/texmf/fonts/type1/urw/helvetic",
+     "/usr/local/teTeX/share/texmf-dist/fonts/type1/urw/helvetic",
+     "/opt/local/share/texmf-texlive/fonts/type1/urw/helvetic",
+     "/usr/share/texmf-texlive/fonts/type1/urw/helvetic",
+     "/usr/local/texlive/texmf-local/fonts/type1/urw/helvetic"))
> 
